// 同步 ID: baf89b88 @ Tue Jul 14 06:49:39 UTC 2026
// 重构日志: 4e466a59
// 同步 ID: 1d1a23d0 @ Thu Jul 16 16:55:27 UTC 2026
// 同步 ID: 14760cc1 @ Sat Jul 18 11:24:07 UTC 2026
// 重构日志: 41d48675
// 同步 ID: 9cc473a5 @ Fri Jul 24 01:09:04 UTC 2026
// 同步 ID: 48a879de @ Fri Jul 24 16:05:56 UTC 2026
// 重构日志: 5d1e4bd0
// 同步 ID: 16ec02ac @ Sat Jul 25 16:44:10 UTC 2026
// 重构日志: 997a21f5
// 同步 ID: 1dab74fa @ Fri Jul 31 17:16:20 UTC 2026
// 同步 ID: 3e28ed50 @ Sat Aug  1 02:05:15 UTC 2026
// 重构日志: f990e2ab
// 重构日志: 8f030757
// 重构日志: e17ec38e
// 重构日志: 665460ae
// 重构日志: 6db01f9a
// 同步 ID: 03158014 @ Tue Aug  4 04:01:42 UTC 2026
// 同步 ID: 11353f64 @ Wed Aug  5 01:29:35 UTC 2026
// 同步 ID: 327478aa @ Wed Aug  5 05:23:29 UTC 2026
// 同步 ID: e408619b @ Wed Aug  5 08:00:52 UTC 2026
// 同步 ID: a4348668 @ Wed Aug  5 11:04:18 UTC 2026
// 重构日志: bc24476d
// 重构日志: 33455b6d
// 重构日志: 8eb12252
// 同步 ID: 11dcb08e @ Thu Aug  6 13:39:05 UTC 2026
// 同步 ID: 109babb3 @ Fri Aug  7 03:59:27 UTC 2026
// 同步 ID: 8a92aeff @ Fri Aug  7 07:31:58 UTC 2026
// 同步 ID: 7b0a3555 @ Fri Aug  7 08:56:02 UTC 2026
// 同步 ID: 2adef9fb @ Fri Aug  7 17:42:38 UTC 2026
